[    0000000] Lux version 4.15.0-50-generic (buildd@lcy01-amd64-013) (gcc version 7.3.0 (Ubuntu 7.3.0-16ubuntu3)) #54-Ubuntu SMP Mon May 6 :46:08 UTC 2019 (Ubuntu 4.15.0-50.54-generic 4.15.18)
[    0.000000] Command line: BOOT_IMAGE=/boot/vmlinuz-4.15.0-50-generic root=UUID=1806cc24-2f59-4e29-97bf-ce6a7bfdf2d7 ro console=tty1 console=ttyS0
[    0.000000] KERNEL supported cpus:
[    0.00000]   ntel GenuineInte
    .00000]   AMDuthentiMD
[    0.000000]   Centaur Centauauls
[    0.000000] x86/fpu: Supporting XSAVE feature 0x001: 'x87loating point registers'
[    0.000000] x86/fpu: Supporting XSAVE feature 0x002: 'SSE regisers'
[    0.000000] x86/fpu: Supporting XSAVE feature 0x004: 'AVX registers'
[    0.000000] x86/fpu: xstate_offset[2]:  576, xstate_sizes[2]: 26[    0.000000] x86/fpu: Enabled xstate features 0x7, context size is 832 bytes, using 'standard' format.
[    0.000000] e820: BIOS-provided physical RAM map:
   0.00000 BIOS-e820: [mem 0x0000000000000000-0x000000000009fbff] usable
[    0.000000] BIOS-e820: [mem 0x000000000009fc00-0x000000000009ffff] reserved
[    0.000000] BIOS-e820: [mem 0x00000000000f0000-0x00000000000fffff] reserved[   .0000] BIOS-e820: [mem 0x0000000000100000x000000007ffeff] usable
[    0.000000] BIOS-e820: [mem 0x000000007fff0000-0x000000007fffffff] ACPI data
[    0.000000] BIOS-e820: [mem 0x00000000fec00000-0x00000000fec00fff] reserved
[    0.0000] BIOS-e820: [mem 0x00000000fee00000-0x00000000fee00fff] reserved
[    0.000000] BIOS-e820: [mem 0x00000000fffc0000-0x00000000ffffffff] reserved
[    0.000000] NX (Execute Disable) protection: active
[    0.000000] SMBIOS 2.5 present.
[    0.000000] DMI: innotek GmbH VirtualBox/VirtualBox, BIOS VirtualBox 12/01/2006
    0.000000] Hypervisor detected: KVM
[   0.0000] 820: last_pfn = 0x7f0 max_achpfn = 0x4000000

[    0.000] MTR:Disabled
[    0.000000] x86/PAT: MTRRs disabled, skipping PAT initialization too.
[    0.000000] CPU MTRRs all blank - virtualized system.
[    0.000000] x86/PAT: Configuration [0-7]: WB  WT  UC- UC  WB  WT  UC- UC  
[    0.000000] found SMP MP-table at [mem 0x0009fff0x0009ffff]apped at [        (ptrval)]
[    0.000000] Scanning 1 areas for low memory corruption
[    0.000000] RAMDISK: [mem 0x359d3000-0x36ce0fff]
[    0.000000] ACPI: Early table checksum verification disabled
[    0.000000] ACPI: RSDP 0x00000000000E0000 000024 (v02 VBOX  )
[    0.000000] ACPI: XSDT 0x000000007FFF0030 00003C (v01 VBOX   VBOXXSDT 00000001 ASL  00000061)
[    0.000000] ACPI: FACP 0x000000007FFF00F0 0000F4 (v04 VBOX   VBOXFACP 00000001 ASL  00000061)
[    0.000000] ACPI: DSDT 0x000000007FFF0470 0021FF (v02 VBOX   VBOXBIOS 00000002 INTL 20100528)
[    0.00000] ACPI: FACS 0x000000007FFF0200 000040
[    0.00000] ACPI: FACS 0x000000007FFF0200 0040
[  0.000000] ACPI: APIC 0x000000007FFF0240 00005C (v02 VBOX   VBOXAPIC 00000001 ASL  00000061)
[    0.000000] ACPI: SSDT 0x000000007FFF02A0 0001CC (v01 VBOX   VBOXCPUT 00000002 INTL 20100528)
[    0.000000] No NUMA configuration found
[    0.000000] Faking a node at [mem 0000000000000000-0x000000007ffeffff]
[    000000]ODE_DATA( allocated [mem 0x7ffc5000-0x7ffeffff]
[    0.000000] kvm-clock: cpu 0msr 0:7ff401, primary cpu clock
[    0.000000] kvm-clock: Using msrs 4b564d01 and 4b564d00
[    0.000000] kvm-clock: using sched offset of 622114451cycles
[    0.000000] clocksource: kvm-clock: mask: 0xffffffffffffffff max_cycles: 0x1cd42e4dffb,ax_idle_ns: 881590591483 ns
[    0.000000] ne ranges:
[    0.000000]   DMA      [mem 0x0000000000001000-0x0000000000ffffff]
[    0.000000]   DMA32    [mem 0x0000000001000000-0x000000007ffeffff]
[    0.000000]   Normal   empty
[    0.000000]   Device   empty
[    0.000000] Movable zone start for each node
[    0.000000] Early memory node ranges
[    0.000000]   node   0: [mem 0x0000000000001000-0x000000000009efff]
[    0.000000]   node   0: [mem 0x0000000000100000-0x000000007ffeffff]
[    0.000000] Reserved but unavailable: 114 pages
[    0.000000] Initmem setup node 0 [mem 0x0000000000001000-0x000000007ffeff]
[   .00000] PI: PTimer IO Port: 0x4008
[    0.000000] IOAPIC[0]: apic_id 2, versi 32, address 0xfec00000, GSI 23
[    0.000000] ACPI: INT_SRC_OVR (bu 0 bus_irq 0 global_irq 2 dfl dfl)
[    0.000000] ACPI: INT_SRC_OVR (bus 0 bus_irq 9 global_irq 9 low level)
[    0.000000] Using ACPI (MADT) for SMP configuration information
[    0.000000] smpboot: Allowing 2 CPUs, 0 hotplug CPUs
[    0.000000] PM: Registered nosave memory: [mem 0x00000000-0x00000fff]
[    0.000000] PM: Registered nosave memory: [mem 0x0009f000-0x0009ffff]
[    0.000000] PM: Registered nosave memory: [mem 0x000a0000-0x000effff]
[    0.000000] PM: Registered nosave memory: [mem 0x000f0000-0x000fffff]
[    0.000000] e820: [mem 0x80000000-0xfebfffff] avaiable for PCI devices
[    0.000000] Bting pavirtualized kernel on KVM
[    0.000000] clocksource: refined-jiffies: mask: 0xffffffff max_cycles: 0xffffffff, max_idle_ns: 76455600211568 ns
[  0000000]andom: get_random_bytes called from start_kernel+0x990xfd with crng_init=0
[    0.000000] setup_percpu: NR_CPUS:8192 nr_cpumask_bits:2 nr_cpu_ids:2 nr_node_ids:1
[    0.000000] percpu: Embedded6 pages/cpu @        (pval) s151552 r8192 d28672 u1048576
[    0.000000] PV qspinlock hash table enris: 2 (rder: 0, 40096 bytes)
[    0.000000] Built 1 zonelists, mobility grouping on.  Total pages: 5961
   0.00000] olcy zone: DMA32
[    0.000000] Kernel command line: BOOT_IMAGE/bot/vmliz-4.15.0-5genericroot=UUID=1806cc24-2f59-e29-97bf-ce6a7bfdf27 ro consle=tty1 console=ttyS0
[    0.000000] Memory: 2015256K/2096696K available (12300K kernel code, 2474K rwdata,276K rodata, 2412K init, 2416K bss, 81440K reserved, 0K cma-reserved)
[    0.000000] SLUB: HWalign=64, Order=0-3, MinObjects=0, CPUs=2, Nodes=1
[    0.000000] Kernel/User page tables isolation: enabled
[    0.000000] ftrace: allocating 39233 entries in 154 pages
[    0.004000] Hierarchical RCU implementation.
[    0.004000] 	RCU restricting CPUs from NR_CPUS=8192 to nr_cpu_ids=2.
[    0.004000] 	Tasks RCU enabled.
[    0.004000] RCU: Adjusting geometry for rcu_fanout_laf=16, nr_cpu_ids=
[    0.4000] N_IRQS: 524544, nr_irqs: 440, preallocated irqs: 16
[    0.004000] Consol colour A+ 80x25
[    0.004000] console [tty1] enled
[    0.0040] console [ttyS0] enabled
[    0.004000 ACPI Core revision 20170831
   0.04000] ACP: 2 ACPI AML tabl successfuly acquired and loaded
[     0.004000] APIC: Switch to symmetric I/O mode setup
[    0.004232] x2apic enabled
[    0.008004] Switched APIC routing to physical x2apic.
[    0.009905] ..TIMER: vector=0x30 apic1=0 pin1=2 apic2=-1 pin2=-1
[    0.012006] tsc: Detected 2304.000 MHz processor
[    0.013219] Calibrating delay loop (skipped) preset value.. 4608.00 BogoMIPS (lpj=9216000)
[    0.016004] pid_max: default: 32768 minimum: 301
[    0.017013] Security Framework initialized
[    0.017872] Yama: becoming mindful.
[    0.018846] AppArmor: AppArmor initialized
[    0.021772] Dentry cache hash table entries: 262144 (order: 9, 2097152 bytes)
[    0.028166] Inode-cache hash table entries: 131072 (order: 8, 1048576 bytes)
[    0.032029] Mount-cache hash table entries: 4096 (order: 3, 32768 bytes)
[    0.033382] Mountpoint-cache hash table entries: 4096 (order: 3, 32768 bytes)
[    0.040089] mce: CPU supports 0 MCE banks
[    0.041322] Last level iTLB entries: 4KB 64, 2MB 8, 4MB 8
[    0.044007] Last level dTLB entries: 4KB 64, 2MB 0, 4MB 0, 1GB 4
[    0.048006] Spectre V2 : Mitigation: Full generic retpoline
[    0.052002] Spectre V2 : Spectre v2 / SpectreRSB mitigation: Filling RSB on context switch
[    0.056006] Speculative Store Bypass: Vulnerable
[    0.057330] MDS: Vulnerable: Clear CPU buffers attempted, no microcode
[    0.060096] Freeing SMP alternatives memory: 36K
[    0.068000] smpboot: CPU0: Intel(R) Core(TM) i5-7360U CPU @ 2.30GHz (family: 0x6, model: 0x8e, stepping: 0x9)
[    0.068099] Performance Events: unsupported p6 CPU model 142 no PMU driver, software events only.
[    0.072066] Hierarchical SRCU implementation.
[    0.076537] NMI watchdog: Perf event create on CPU 0 failed with -2
[    0.080006] NMI watchdog: Perf NMI watchdog permanently disabled
[    0.084084] smp: Bringing up secondary CPUs ...
[    0.088140] x86: Booting SMP configuration:
[    0.092007] .... node  #0, CPUs:      #1
[    0.004000] kvm-clock: cpu 1, msr 0:7ff44041, secondary cpu clock
[    0.004000] mce: CPU supports 0 MCE banks
[    0.143104] smp: Brought up 1 node, 2 CPUs
[    0.144010] smpboot: Max logical packages: 1
[    0.148009] smpboot: Total of 2 processors activated (9216.00 BogoMIPS)
[    0.149533] devtmpfs: initialized
[    0.152065] x86/mm: Memory block size: 128MB
[    0.156196] evm: security.selinux
[    0.160013] evm: security.SMACK64
[    0.164008] evm: security.SMACK64EXEC
[    0.168004] evm: security.SMACK64TRANSMUTE
[    0.172007] evm: security.SMACK64MMAP
[    0.176006] evm: security.apparmor
[    0.180008] evm: security.ima
[    0.184004] evm: security.capability
[    0.188203] clocksource: jiffies: mask: 0xffffffff max_cycles: 0xffffffff, max_idle_ns: 7645041785100000 ns
[    0.192016] futex hash table entries: 512 (order: 3, 32768 bytes)
[    0.196087] pinctrl core: initialized pinctrl subsystem
[    0.200115] RTC time:  4:53:14, date: 06/08/19
[    0.204148] NET: Registered protocol family 16
[    0.205201] audit: initializing netlink subsys (disabled)
[    0.208049] audit: type=2000 audit(1559969597.424:1): state=initialized audit_enabled=0 res=1
[    0.209897] cpuidle: using governor ladder
[    0.209897] cpuidle: using governor menu
[    0.212056] ACPI: bus type PCI registered
[    0.212915] acpiphp: ACPI Hot Plug PCI Controller Driver version: 0.5
[    0.216142] PCI: Using configuration type 1 for base access
[    0.224059] HugeTLB registered 2.00 MiB page size, pre-allocated 0 pages
[    0.225496] ACPI: Added _OSI(Module Device)
[    0.228008] ACPI: Added _OSI(Processor Device)
[    0.228930] ACPI: Added _OSI(3.0 _SCP Extensions)
[    0.229893] ACPI: Added _OSI(Processor Aggregator Device)
[    0.232009] ACPI: Added _OSI(Linux-Dell-Video)
[    0.232933] ACPI: Added _OSI(Linux-Lenovo-NV-HDMI-Audio)
[    0.234036] ACPI: Added _OSI(Linux-HPI-Hybrid-Graphics)
[    0.236068] ACPI: Executed 1 blocks of module-level executable AML code
[    0.245997] ACPI: Interpreter enabled
[    0.248025] ACPI: (supports S0 S5)
[    0.248754] ACPI: Using IOAPIC for interrupt routing
[    0.249991] PCI: Using host bridge windows from ACPI; if necessary, use "pci=nocrs" and report a bug
[    0.252319] ACPI: Enabled 2 GPEs in block 00 to 07
[    0.265679] ACPI: PCI Root Bridge [PCI0] (domain 0000 [bus 00-ff])
[    0.268016] acpi PNP0A03:00: _OSC: OS supports [ASPM ClockPM Segments MSI]
[    0.272056] acpi PNP0A03:00: _OSC: not requesting OS control; OS requires [ExtendedConfig ASPM ClockPM MSI]
[    0.276029] acpi PNP0A03:00: fail to add MMCONFIG information, can't access extended PCI configuration space under this bridge.
[    0.280494] PCI host bridge to bus 0000:00
[    0.284004] pci_bus 0000:00: root bus resource [io  0x0000-0x0cf7 window]
[    0.285346] pci_bus 0000:00: root bus resource [io  0x0d00-0xffff window]
[    0.286691] pci_bus 0000:00: root bus resource [mem 0x000a0000-0x000bffff window]
[    0.288004] pci_bus 0000:00: root bus resource [mem 0x80000000-0xfdffffff window]
[    0.289511] pci_bus 0000:00: root bus resource [bus 00-ff]
[    0.294124] pci 0000:00:01.1: legacy IDE quirk: reg 0x10: [io  0x01f0-0x01f7]
[    0.296005] pci 0000:00:01.1: legacy IDE quirk: reg 0x14: [io  0x03f6]
[    0.300013] pci 0000:00:01.1: legacy IDE quirk: reg 0x18: [io  0x0170-0x0177]
[    0.304008] pci 0000:00:01.1: legacy IDE quirk: reg 0x1c: [io  0x0376]
[    0.336648] pci 0000:00:07.0: quirk: [io  0x4000-0x403f] claimed by PIIX4 ACPI
[    0.340053] pci 0000:00:07.0: quirk: [io  0x4100-0x410f] claimed by PIIX4 SMB
[    0.362131] ACPI: PCI Interrupt Link [LNKA] (IRQs 5 9 10 *11)
[    0.364325] ACPI: PCI Interrupt Link [LNKB] (IRQs 5 9 *10 11)
[    0.368154] ACPI: PCI Interrupt Link [LNKC] (IRQs 5 *9 10 11)
[    0.372157] ACPI: PCI Interrupt Link [LNKD] (IRQs 5 9 10 *11)
[    0.376385] SCSI subsystem initialized
[    0.377265] pci 0000:00:02.0: vgaarb: setting as boot VGA device
[    0.378645] pci 0000:00:02.0: vgaarb: VGA device added: decodes=io+mem,owns=io+mem,locks=none
[    0.380008] pci 0000:00:02.0: vgaarb: bridge control possible
[    0.381227] vgaarb: loaded
[    0.382069] ACPI: bus type USB registered
[    0.384049] usbcore: registered new interface driver usbfs
[    0.385658] usbcore: registered new interface driver hub
[    0.388039] usbcore: registered new device driver usb
[    0.389496] EDAC MC: Ver: 3.0.0
[    0.389496] PCI: Using ACPI for IRQ routing
[    0.392518] NetLabel: Initializing
[    0.396007] NetLabel:  domain hash size = 128
[    0.397208] NetLabel:  protocols = UNLABELED CIPSOv4 CALIPSO
[    0.400027] NetLabel:  unlabeled traffic allowed by default
[    0.405840] clocksource: Switched to clocksource kvm-clock
[    0.422039] VFS: isk quotas dquot_6.6.0
[    0.456122] VFS: Dquot-cache hash table entries: 512 (order 0, 4096 bytes)
[   0.45108] AppArmor: Apprmor Filesystem Enabled
[    026950] pnp: PnP ACPIni
[    0.6643]npPnP ACPI: foun3 devices

[  0.89433] clocksource: acpi_p mk: xffffff max_cycles: 0xffffff, max_idle_ns: 20857010 ns    1.1608] NET: Registered protco fily 2
[    1.6950] TP establhehash table entries: 16384 (order: 5, 131072 bytes)
[  15643] TCbin hh blentes:63 (order 62644yt)
[    2.253134] TCP: Hash tabl cfire (established 63 bd 38
[    2.617758] UDP hash table entries: 1024 (order: 3, 32768 bytes)
[    2.626516] UDP-Lite hash table entries: 102(oer3,27 bes
[  226259] NET: Registered protocol family 1
[    3.013800] pci 0000:00:00.0: Limiting direct PCI/PCI transfers
[    3.015999] pci 000:00:01.0: Activating ISA DMA hang workarounds
[    3.057649] pci 0000:00:2.0: Video device with shadowed ROM at [mem 0x000c0000-0x000dffff][  3.1322] packing initramfs...

[    3.567112] Freeing initrd memory: 19512K
[    3.585172] clocksource: tsc: mask: 0xffffffffffffffff max_cycles: 0x2135f7c97c8, max_idle_ns: 440795273205 ns
[    3.626008] platform rtc_cmos: registered platform RTC device (no PNP device found)
[    3.643402] Scanning for low memory corruption every 60 seconds
[    3.675265] Initialise system trusted keyrings
[    3.682522] Key type blacklist registered
[    3.695599] workingset: timestamp_bits=36 max_order=19 bucket_order=0
[    3.698295] zbud: loaded
[    3.699761] squashfs: version 4.0 (2009/01/31) Phillip Lougher
[    3.707573] fuse init (API version 7.26)
[    3.737886] Key type asymmetric registered
[    3.756776] Asymmetric key parser 'x509' registered
[    3.778985] Block layer SCSI generic (bsg) driver version 0.4 loaded (major 246)
[    3.782553] io scheduler noop registered
[    3.790587] io scheduler deadline registered
[    3.799223] io scheduler cfq registered (default)
[    3.819826] ACPI: AC Adapter [AC] (off-line)
[    3.828211] input: Power Button as /devices/LNXSYSTM:00/LNXPWRBN:00/input/input0
[    3.845792] ACPI: Power Button [PWRF]
[    3.859415] input: Sleep Button as /devices/LNXSYSTM:00/LNXSLPBN:00/input/input1
[    3.898983] ACPI: Sleep Button [SLPF]
[    3.935408] ACPI: Battery Slot [BAT0] (battery present)
[    3.9807] Serial: 8250/16550 driver, 32 ports, IRQ sharing enabled
[    4.0333] 00:02: ttyS0 at I/O x3f8 (irq = 4, base_baud = 115200) is a 16550A
[    4.149102] Linux agpgart interface v0.103
[    4.165107] loop: module loaded
[    4.170326] scsi host0: ata_piix
[    4.172547] scsi host1: ata_piix
[    4.173961] ata1: PATA max UDMA/33 cmd 0x1f0 ctl 0x3f6 bmdma 0xd000 irq 14
[    4.180209] ata2: PATA max UDMA/33 cmd 0x170 ctl 0x376 bmdma 0xd008 irq 15
[    4.185803] libphy: Fixed MDIO Bus: probed
[    4.245710] tun: Universal TUN/TAP device driver, 1.6
[    4.258495] PPP generic driver version 2.4.2
[    4.265561] ehci_hcd: USB 2.0 'Enhanced' Host Controller (EHCI) Driver
[    4.336821] ehci-pci: EHCI PCI platform driver
[    4.338150] ehci-platform: EHCI generic platform driver
[    4.339631] ohci_hcd: USB 1.1 'Open' Host Controller (OHCI) Driver
[    4.352540] ohci-pci: OHCI PCI platform driver
[    4.385902] ohci-platform: OHCI generic platform driver
[    4.410786] uhci_hcd: USB Universal Host Controller Interface driver
[    4.467375] i8042: PNP: PS/2 Controller [PNP0303:PS2K,PNP0f03:PS2M] at 0x60,0x64 irq 1,12
[    4.678413] serio: i8042 KBD port at 0x60,0x64 irq 1
[    4.685542] serio: i8042 AUX port at 0x60,0x64 irq 12
[    4.687212] mousedev: PS/2 mouse device common for all mice
[    4.742805] rtc_cmos rtc_cmos: rtc core: registered rtc_cmos as rtc0
[    4.766688] rtc_cmos rtc_cmos: alarms up to one day, 114 bytes nvram
[    4.780687] i2c /dev entries driver
[    4.812416] input: AT Translated Set 2 keyboard as /devices/platform/i8042/serio0/input/input2
[    4.816162] pcie_mp2_amd: AMD(R) PCI-E MP2 Communication Driver Version: 1.0
[    4.816246] device-mapper: uevent: version 1.0.3
[    4.816303] device-mapper: ioctl: 4.37.0-ioctl (2017-09-20) initialised: dm-devel@redhat.com
[    4.899566] ledtrig-cpu: registered to indicate activity on CPUs
[    5.016706] NET: Registered protocol family 10
[    5.094556] Segment Routing with IPv6
[    5.129387] NET: Registered protocol family 17
[    5.195799] Key type dns_resolver registered
[    5.206929] RAS: Correctable Errors collector initialized.
[    5.208499] sched_clock: Marking stable (5208472223, 0)->(10559871889, -5351399666)
[    5.211092] registered taskstats version 1
[    5.212023] Loading compiled-in X.509 certificates
[    5.215281] Loaded X.509 cert 'Build time autogenerated kernel key: 0d5cb4b7de8533fd8e7240d711ae9d354ea3dca1'
[    5.217601] zswap: loaded using pool lzo/zbud
[    5.223119] Key type big_key registered
[    5.224323] Key type trusted registered
[    5.227915] Key type encrypted registered
[    5.229620] AppArmor: AppArmor sha1 policy hashing enabled
[    5.231150] ima: No TPM chip found, activating TPM-bypass! (rc=-19)
[    5.234618] ima: Allocated hash algorithm: sha1
[    5.236663] evm: HMAC attrs: 0x1
[    5.238856]   Magic number: 7:361:868
[    5.241545] rtc_cmos rtc_cmos: setting system clock to 2019-06-08 04:53:19 UTC (1559969599)
[    5.245716] BIOS EDD facility v0.16 2004-Jun-25, 0 devices found
[    5.248187] EDD information not available.
[    5.255836] Freeing unused kernel image memory: 2412K
[    5.280123] Write protecting the kernel read-only data: 20480k
[    5.283333] Freeing unused kernel image memory: 2008K
[    5.286360] Freeing unused kernel image memory: 1868K
[    5.305518] x86/mm: Checked W+X mappings: passed, no W+X pages found.
[    5.465230] x86/mm: Checking user space page tables
[    5.590314] x86/mm: Checked W+X mappings: passed, no W+X pages found.
Loading, please wait...
starting version 237
[    5.646431] e1000: Intel(R) PRO/1000 Network Driver - version 7.3.21-k8-NAPI
[    5.648018] e1000: Copyright (c) 1999-2006 Intel Corporation.
[    5.666246] Fusion MPT base driver 3.04.20
[    5.667231] Copyright (c) 1999-2008 LSI Corporation
[    5.678560] AVX2 version of gcm_enc/dec engaged.
[    5.679926] AES CTR mode by8 optimization enabled
[    5.683618] Fusion MPT SPI Host driver 3.04.20
[    5.693787] mptbase: ioc0: Initiating bringup
[    5.866972] ioc0: LSI53C1030 A0: Capabilities={Initiator}
[    6.291805] input: ImExPS/2 Generic Explorer Mouse as /devices/platform/i8042/serio1/input/input4
[    7.135536] scsi host2: ioc0: LSI53C1030 A0, FwRev=00000000h, Ports=1, MaxQ=256, IRQ=20
[    8.428614] scsi 2:0:0:0: Direct-Access     VBOX     HARDDISK         1.0  PQ: 0 ANSI: 5
[    8.475535] scsi target2:0:0: Beginning Domain Validation
[    8.539909] scsi target2:0:0: Domain Validation skipping write tests
[    8.551623] scsi target2:0:0: Ending Domain Validation
[    8.559939] scsi target2:0:0: asynchronous
[    8.575104] scsi 2:0:1:0: Direct-Access     VBOX     HARDDISK         1.0  PQ: 0 ANSI: 5
[    8.885742] scsi target2:0:1: Beginning Domain Validation
[    8.889779] random: fast init done
[    8.905395] scsi target2:0:1: Domain Validation skipping write tests
[    8.906877] scsi target2:0:1: Ending Domain Validation
[    8.908118] scsi target2:0:1: asynchronous
[    8.913957] random: systemd-udevd: uninitialized urandom read (16 bytes read)
[    8.915187] e1000 0000:00:03.0 eth0: (PCI:33MHz:32-bit) 02:b8:5a:71:cd:59
[    8.915190] e1000 0000:00:03.0 eth0: Intel(R) PRO/1000 Network Connection
[    8.916679] sd 2:0:0:0: Attached scsi generic sg0 type 0
[    8.916789] sd 2:0:1:0: Attached scsi generic sg1 type 0
[    8.938653] random: systemd-udevd: uninitialized urandom read (16 bytes read)
[    8.942087] random: systemd-udevd: uninitialized urandom read (16 bytes read)
[    8.962365] sd 2:0:0:0: [sda] 20971520 512-byte logical blocks: (10.7 GB/10.0 GiB)
[    8.975174] sd 2:0:1:0: [sdb] 20480 512-byte logical blocks: (10.5 MB/10.0 MiB)
[    8.984457] sd 2:0:1:0: [sdb] Write Protect is off
[    8.988172] sd 2:0:0:0: [sda] Write Protect is off
[    8.989640] sd 2:0:1:0: [sdb] Incomplete mode parameter data
[    8.991225] sd 2:0:1:0: [sdb] Assuming drive cache: write through
[    8.993143] sd 2:0:0:0: [sda] Incomplete mode parameter data
[    8.995969] sd 2:0:0:0: [sda] Assuming drive cache: write through
[    9.001405]  sda: sda1
[    9.011569] sd 2:0:1:0: [sdb] Attached SCSI disk
[    9.013649] sd 2:0:0:0: [sda] Attached SCSI disk
[    9.360604] e1000 0000:00:08.0 eth1: (PCI:33MHz:32-bit) 08:00:27:ba:e0:dc
[    9.420223] e1000 0000:00:08.0 eth1: Intel(R) PRO/1000 Network Connection
[    9.629714] e1000 0000:00:08.0 enp0s8: renamed from eth1
[    9.641841] e1000 0000:00:03.0 enp0s3: renamed from eth0
Begin: Loading essential drivers ... [   11.092151] raid6: sse2x1   gen() 10855 MB/s
[   11.140405] raid6: sse2x1   xor()  5118 MB/s
[   11.192164] raid6: sse2x2   gen()  7153 MB/s
[   11.240068] raid6: sse2x2   xor()  8014 MB/s
[   11.288211] raid6: sse2x4   gen() 15175 MB/s
[   11.352065] raid6: sse2x4   xor() 10759 MB/s
[   11.456968] raid6: avx2x1   gen() 24829 MB/s
[   11.560591] raid6: avx2x1   xor() 17781 MB/s
[   11.617739] raid6: avx2x2   gen() 30563 MB/s
[   11.673793] raid6: avx2x2   xor() 18510 MB/s
[   11.741481] raid6: avx2x4   gen() 28562 MB/s
[   11.788480] raid6: avx2x4   xor() 18273 MB/s
[   11.815801] raid6: using algorithm avx2x2 gen() 30563 MB/s
[   11.833156] raid6: .... xor() 18510 MB/s, rmw enabled
[   11.834200] raid6: using avx2x2 recovery algorithm
[   11.837315] xor: automatically using best checksumming function   avx       
[   11.841702] async_tx: api initialized (async)
done.
Begin: Running /scripts/init-premount ... done.
Begin: Mounting root file system ... Begin: Running /scripts/local-top ... done.
Begin: Running /scripts/local-premount ... [   11.933322] Btrfs loaded, crc32c=crc32c-intel
Scanning for Btrfs filesystems
done.
Warning: fsck not present, so sk[   11.979925] EXT4-fs (sda1): mounted filesystem with ordered data mode. Opts: (null)
ipping root file system
done.
Begin: Running /scripts/local-bottom ... done.
Begin: Running /scripts/init-bottom ... done.
[   12.295149] ip_tables: (C) 2000-2006 Netfilter Core Team
[   12.307483] systemd[1]: systemd 237 running in system mode. (+PAM +AUDIT +SELINUX +IMA +APPARMOR +SMACK +SYSVINIT +UTMP +LIBCRYPTSETUP +GCRYPT +GNUTLS +ACL +XZ +LZ4 +SECCOMP +BLKID +ELFUTILS +KMOD -IDN2 +IDN -PCRE2 default-hierarchy=hybrid)
[   12.408165] systemd[1]: Detected virtualization oracle.
[   12.409689] systemd[1]: Detected architecture x86-64.

Welcome to [1mUbuntu 18.04.2 LTS[0m!

[   12.442149] systemd[1]: Set hostname to <ubuntu-bionic>.
[   13.505169] systemd[1]: Reached target Swap.
[[0;32m  OK  [0m] Reached target Swap.
[   13.528919] systemd[1]: Reached target System Time Synchronized.
[[0;32m  OK  [0m] Reached target System Time Synchronized.
[   13.576724] systemd[1]: Set up automount Arbitrary Executable File Formats File System Automount Point.
[[0;32m  OK  [0m] Set up automount Arbitrary Executabâ€¦rmats File System Automount Point.
[   13.649935] systemd[1]: Created slice User and Session Slice.
[[0;32m  OK  [0m] Created slice User and Session Slice.
[   13.711131] systemd[1]: Created slice System Slice.
[[0;32m  OK  [0m] Created slice System Slice.
[   13.748552] systemd[1]: Listening on udev Kernel Socket.
[[0;32m  OK  [0m] Listening on udev Kernel Socket.
[[0;32m  OK  [0m] Listening on Journal Socket (/dev/log).
[[0;32m  OK  [0m] Listening on Network Service Netlink Socket.
[[0;32m  OK  [0m] Reached target Slices.
[[0;32m  OK  [0m] Listening on udev Control Socket.
[[0;32m  OK  [0m] Listening on Journal Audit Socket.
[[0;32m  OK  [0m] Listening on /dev/initctl Compatibility Named Pipe.
[[0;32m  OK  [0m] Listening on Device-mapper event daemon FIFOs.
[[0;32m  OK  [0m] Listening on Journal Socket.
         Starting Uncomplicated firewall...
         Starting Load Kernel Modules...
         Mounting Kernel Debug File System...
         Mounting POSIX Message Queue File System...
         Starting udev Coldplug all Devices...
[   14.046311] Loading iSCSI transport class v2.0-870.
         Mounting Huge Pages File System...
[[0;32m  OK  [0m] Started Forward Password Requests to Wall Directory Watch.
[[0;32m  OK  [0m] Created slice system-serial\x2dgetty.slice.
[[0;32m  OK  [0m] Listening on Syslog Socket.
         Starting Journal Service...
[[0;32m  OK  [0m] Listening on LVM2 metadata daemon socket.
         Starting Remount Root and Kernel File Systems...
[[0;32m  OK  [0m] Reached target User and Group Name Lookups.
         Starting Set the console keyboard layout...
[[0;32m  OK  [[   14.085879] iscsi: registered transport (tcp)
0m] Listening on LVM2 poll daemon socket.
[   14.122781] random: crng init done
[   14.122782] random: 7 urandom warning(s) missed due to ratelimiting
         Starting Create list of required stâ€¦ce nodes for the current kernel...
         Starting Monitoring of LVM2 mirrorsâ€¦ng dmeventd or progress polling...
[[0;32m  OK  [0m] Started Uncomplicated firewall.
[[0;32m  OK  [0m] Mounted Kernel Debug File System.
[[0;32m  OK  [0m] Mounted POSIX Message Queue File System.
[[0;32m  OK  [0m] Started Journal Service.
[[0;32m  OK  [0m] Mounted Huge Pages File System.
[[0;32m  OK  [0m] Started Create list of required staâ€¦vice nodes for the current kernel.
         Starting Create Static Device Nodes in /dev...
[[0;32m  OK  [0m] Started udev Coldplug all Devices.
[   14.277572] EXT4-fs (sda1): re-mounted. Opts: (null)
[[0;32m  OK  [0m] Started Remount Root and Kernel File Systems.
         Starting Load/Save Random Seed...
         Starting Initial cloud-init job (pre-networking)...
         Starting Flush Journal to Persistent Storage...
[   14.304865] iscsi: registered transport (iser)
[[0;32m  OK  [0m] Started Load Kernel Modules.
[[0;32m  OK  [0m] Started Load/Save Random Seed.
[[0;32m  OK  [0m] Started LVM2 metadata daemon.
         Starting Apply Kernel Variables...
         Mounting FUSE Control File System...
         Mounting Kernel Configuration File System...
[[0;32m  OK  [0m] Mounted FUSE Control File System.
[[0;32m  OK  [0m] Mounted Kernel Configuration File System.
[   14.467907] systemd-journald[400]: Received request to flush runtime journal from PID 1
[[0;32m  OK  [0m] Started Set the console keyboard layout.
[[0;32m  OK  [0m] Started Create Static Device Nodes in /dev.
         Starting udev Kernel Device Manager...
[[0;32m  OK  [0m] Started Monitoring of LVM2 mirrors,â€¦sing dmeventd or progress polling.
[[0;32m  OK  [0m] Started Apply Kernel Variables.
[[0;32m  OK  [0m] Reached target Local File Systems (Pre).
[[0;32m  OK  [0m] Reached target Local File Systems.
         Starting Set console font and keymap...
         Starting ebtables ruleset management...
         Starting Tell Plymouth To Write Out Runtime Data...
         Starting AppArmor initialization...
[[0;32m  OK  [0m] Started udev Kernel Device Manager.
[[0;32m  OK  [0m] Started Dispatch Password Requests to Console Directory Watch.
[[0;32m  OK  [0m] Reached target Local Encrypted Volumes.
[[0;32m  OK  [0m] Started Set console font and keymap.
[[0;32m  OK  [0m] Started Tell Plymouth To Write Out Runtime Data.
[[0;32m  OK  [0m] Found device /dev/ttyS0.
[[0;32m  OK  [0m] Listening on Load/Save RF Kill Switch Status /dev/rfkill Watch.
[[0;32m  OK  [0m] Started Flush Journal to Persistent Storage.
         Starting Create Volatile Files and Directories...
[[0;32m  OK  [0m] Started ebtables ruleset management.
[[0;32m  OK  [0m] Started Create Volatile Files and Directories.
         Starting Update UTMP about System Boot/Shutdown...
[[0;32m  OK  [0m] Started Update UTMP about System Boot/Shutdown.
[[0;32m  OK  [0m] Started AppArmor initialization.
[   17.224235] cloud-init[414]: Cloud-init v. 18.5-45-g3554ffe8-0ubuntu1~18.04.1 running 'init-local' at Sat, 08 Jun 2019 04:53:31 +0000. Up 16.99 seconds.
[[0;32m  OK  [0m] Started Initial cloud-init job (pre-networking).
[[0;32m  OK  [0m] Reached target Network (Pre).
         Starting Network Service...
[[0;32m  OK  [0m] Started Network Service.
         Starting Wait for Network to be Configured...
         Starting Network Name Resolution...
[[0;32m  OK  [0m] Started Network Name Resolution.
[[0;32m  OK  [0m] Reached target Network.
[[0;32m  OK  [0m] Reached target Host and Network Name Lookups.
[[0;32m  OK  [0m] Started Wait for Network to be Configured.
         Starting Initial cloud-init job (metadata service crawler)...
[   19.583743] cloud-init[717]: Cloud-init v. 18.5-45-g3554ffe8-0ubuntu1~18.04.1 running 'init' at Sat, 08 Jun 2019 04:53:33 +0000. Up 19.37 seconds.
[   19.606667] cloud-init[717]: ci-info: ++++++++++++++++++++++++++++++++++++++Net device info+++++++++++++++++++++++++++++++++++++++
[   19.619530] cloud-init[717]: ci-info: +--------+------+-----------------------------+---------------+--------+-------------------+
[   19.634462] cloud-init[717]: ci-info: | Device |  Up  |           Address           |      Mask     | Scope  |     Hw-Address    |
[   19.648865] cloud-init[717]: ci-info: +--------+------+-----------------------------+---------------+--------+-------------------+
[   19.654701] cloud-init[717]: ci-info: | enp0s3 | True |          10.0.2.15          | 255.255.255.0 | global | 02:b8:5a:71:cd:59 |
[   19.666517] cloud-init[717]: ci-info: | enp0s3 | True |  fe80::b8:5aff:fe71:cd59/64 |       .       |  link  | 02:b8:5a:71:cd:59 |
[   19.674816] cloud-init[717]: ci-info: | enp0s8 | True |        192.168.33.10        | 255.255.255.0 | global | 08:00:27:ba:e0:dc |
[   19.687435] cloud-init[717]: ci-info: | enp0s8 | True | fe80::a00:27ff:feba:e0dc/64 |       .       |  link  | 08:00:27:ba:e0:dc |
[   19.706160] cloud-init[717]: ci-info: |   lo   | True |          127.0.0.1          |   255.0.0.0   |  host  |         .         |
[   19.716225] cloud-init[717]: ci-info: |   lo   | True |           ::1/128           |       .       |  host  |         .         |
[   19.733482] cloud-init[717]: ci-info: +--------+------+-----------------------------+---------------+--------+-------------------+
[   19.740493] cloud-init[717]: ci-info: +++++++++++++++++++++++++++++Route IPv4 info+++++++++++++++++++++++++++++
[   19.752733] cloud-init[717]: ci-info: +-------+--------------+----------+-----------------+-----------+-------+
[   19.766023] cloud-init[717]: ci-info: | Route | Destination  | Gateway  |     Genmask     | Interface | Flags |
[   19.770895] cloud-init[717]: ci-info: +-------+--------------+----------+-----------------+-----------+-------+
[   19.779873] cloud-init[717]: ci-info: |   0   |   0.0.0.0    | 10.0.2.2 |     0.0.0.0     |   enp0s3  |   UG  |
[   19.789134] cloud-init[717]: ci-info: |   1   |   10.0.2.0   | 0.0.0.0  |  255.255.255.0  |   enp0s3  |   U   |
[   19.810551] cloud-init[717]: ci-info: |   2   |   10.0.2.2   | 0.0.0.0  | 255.255.255.255 |   enp0s3  |   UH  |
[   19.817666] cloud-init[717]: ci-info: |   3   | 192.168.33.0 | 0.0.0.0  |  255.255.255.0  |   enp0s8  |   U   |
[   19.821485] cloud-init[717]: ci-info: +-------+--------------+----------+-----------------+-----------+-------+
[   19.824395] cloud-init[717]: ci-info: +++++++++++++++++++Route IPv6 info+++++++++++++++++++
[   19.826473] cloud-init[717]: ci-info: +-------+-------------+---------+-----------+-------+
[   19.828643] cloud-init[717]: ci-info: | Route | Destination | Gateway | Interface | Flags |
[   19.830698] cloud-init[717]: ci-info: +-------+-------------+---------+-----------+-------+
[   19.832815] cloud-init[717]: ci-info: |   1   |  fe80::/64  |    ::   |   enp0s8  |   U   |
[   19.849269] cloud-init[717]: ci-info: |   2   |  fe80::/64  |    ::   |   enp0s3  |   U   |
[   19.859285] cloud-init[717]: ci-info: |   4   |    local    |    ::   |   enp0s3  |   U   |
[   19.877067] cloud-init[717]: ci-info: |   5   |    local    |    ::   |   enp0s8  |   U   |
[   19.892211] cloud-init[717]: ci-info: |   6   |   ff00::/8  |    ::   |   enp0s8  |   U   |
[   19.897175] cloud-init[717]: ci-info: |   7   |   ff00::/8  |    ::   |   enp0s3  |   U   |
[   19.905853] cloud-init[717]: ci-info: +-------+-------------+---------+-----------+-------+
[[0;32m  OK  [0m] Started Initial cloud-init job (metadata service crawler).
[[0;32m  OK  [0m] Reached target Network is Online.
         Starting Availability of block devices...
[[0;32m  OK  [0m] Reached target Remote File Systems (Pre).
[[0;32m  OK  [0m] Reached target Remote File Systems.
[[0;32m  OK  [0m] Reached target System Initialization.
         Starting Socket activation for snappy daemon.
[[0;32m  OK  [0m] Started Daily Cleanup of Temporary Directories.
[[0;32m  OK  [0m] Listening on ACPID Listen Socket.
[[0;32m  OK  [0m] Started Daily apt download activities.
[[0;32m  OK  [0m] Started Daily apt upgrade and clean activities.
[[0;32m  OK  [0m] Started ACPI Events Check.
[[0;32m  OK  [0m] Started Discard unused blocks once a week.
[[0;32m  OK  [0m] Started Message of the Day.
[[0;32m  OK  [0m] Listening on UUID daemon activation socket.
[[0;32m  OK  [0m] Listening on D-Bus System Message Bus Socket.
[[0;32m  OK  [0m] Reached target Paths.
[[0;32m  OK  [0m] Listening on Open-iSCSI iscsid Socket.
         Starting LXD - unix socket.
[[0;32m  OK  [0m] Reached target Timers.
[[0;32m  OK  [0m] Reached target Cloud-config availability.
[[0;32m  OK  [0m] Started Availability of block devices.
[[0;32m  OK  [0m] Listening on Socket activation for snappy daemon.
[[0;32m  OK  [0m] Listening on LXD - unix socket.
[[0;32m  OK  [0m] Reached target Sockets.
[[0;32m  OK  [0m] Reached target Basic System.
         Starting vboxadd.service...
         Starting Login Service...
         Starting Accounts Service...
         Starting LSB: automatic crash report generation...
         Starting Permit User Sessions...
[[0;32m  OK  [0m] Started irqbalance daemon.
         Starting Snappy daemon...
         Starting System Logging Service...
         Starting LSB: Record successful boot for GRUB...
         Starting Dispatcher daemon for systemd-networkd...
         Starting LXD - container startup/shutdown...
[[0;32m  OK  [0m] Started D-Bus System Message Bus.
[[0;32m  OK  [0m] Started Login Service.
[[0;32m  OK  [0m] Started Unattended Upgrades Shutdown.
[[0;32m  OK  [0m] Started Regular background program processing daemon.
         Starting OpenBSD Secure Shell server...
[[0;32m  OK  [0m] Started FUSE filesystem for LXC.
[[0;32m  OK  [0m] Started Deferred execution scheduler.
[[0;32m  OK  [0m] Started System Logging Service.
[[0;32m  OK  [0m] Started Permit User Sessions.
         Starting Authorization Manager...
         Starting Hold until boot process finishes up...
         Starting Terminate Plymouth Boot Screen...
[[0;32m  OK  [0m] Started Terminate Plymouth Boot Screen.
[[0;32m  OK  [0m] Started Hold until boot process finishes up.
[[0;32m  OK  [0m] Started Serial Getty on ttyS0.
         Starting Set console scheme...
[[0;32m  OK  [0m] Started Set console scheme.
[[0;32m  OK  [0m] Created slice system-getty.slice.
[[0;32m  OK  [0m] Started Getty on tty1.
[[0;32m  OK  [0m] Reached target Login Prompts.
[[0;32m  OK  [0m] Started LSB: Record successful boot for GRUB.
[[0;32m  OK  [0m] Started LSB: automatic crash report generation.
[[0;32m  OK  [0m] Started vboxadd.service.
         Starting vboxadd-service.service...
[[0;32m  OK  [0m] Started OpenBSD Secure Shell server.
[[0;32m  OK  [0m] Started Snappy daemon.
         Starting Wait until snapd is fully seeded...
[[0;32m  OK  [0m] Started LXD - container startup/shutdown.
[[0;32m  OK  [0m] Started Dispatcher daemon for systemd-networkd.
[[0;32m  OK  [0m] Started Authorization Manager.
[[0;32m  OK  [0m] Started Accounts Service.
[[0;32m  OK  [0m] Started vboxadd-service.service.
[[0;32m  OK  [0m] Started Wait until snapd is fully seeded.
         Starting Apply the settings specified in cloud-config...
[[0;32m  OK  [0m] Reached target Multi-User System.
[[0;32m  OK  [0m] Reached target Graphical Interface.
         Starting Update UTMP about System Runlevel Changes...
[[0;32m  OK  [0m] Started Update UTMP about System Runlevel Changes.
[[0;32m  OK  [0m] Created slice User Slice of vagrant.
         Starting User Manager for UID 1000...
[[0;32m  OK  [0m] Started Session 1 of user vagrant.
[[0;32m  OK  [0m] Started User Manager for UID 1000.
[[0;32m  OK  [0m] Started Apply the settings specified in cloud-config.
         Starting Execute cloud user/final scripts...
[   23.080805] cloud-init[1198]: Cloud-init v. 18.5-45-g3554ffe8-0ubuntu1~18.04.1 running 'modules:config' at Sat, 08 Jun 2019 04:53:36 +0000. Up 22.43 seconds.
[[0;32m  OK  [0m] Started Execute cloud user/final scripts.
[[0;32m  OK  [0m] Reached target Cloud-init target.
[   23.376579] cloud-init[1284]: Cloud-init v. 18.5-45-g3554ffe8-0ubuntu1~18.04.1 running 'modules:final' at Sat, 08 Jun 2019 04:53:37 +0000. Up 23.07 seconds.
[   23.407783] cloud-init[1284]: Cloud-init v. 18.5-45-g3554ffe8-0ubuntu1~18.04.1 finished at Sat, 08 Jun 2019 04:53:37 +0000. Datasource DataSourceNoCloud [seed=/dev/sdb][dsmode=net].  Up 23.29 seconds

Ubuntu 18.04.2 LTS ubuntu-bionic ttyS0

ubuntu-bionic login: 